PS C:\Users\mikel\Desktop\VS Code\piano-web> npm run lint

> next-piano-teacher@1.0.0 lint
> eslint . --ext js,jsx --report-unused-disable-directives --max-warnings 0


C:\Users\mikel\Desktop\VS Code\piano-web\components\PianoTeacherApp.js
  16:10  error  'useMidiPlayer' is defined but never used  no-unused-vars

✖ 1 problem (1 error, 0 warnings)

PS C:\Users\mikel\Desktop\VS Code\piano-web> 